{"_items":[{"id":2,"author":1,"body":"comment body 02","og_title":null,"og_description":null,"og_image":null,"like_amount":null,"parent_id":null,"resource":"http://dev.readr.tw/project/report_slug_1","status":1,"active":1,"updated_at":"2018-01-03T03:04:05Z","created_at":"2019-08-11T17:44:45Z","ip":null,"author_nickname":"test_member_01","author_image":null,"author_role":1,"comment_amount":0},{"id":1,"author":1,"body":"comment body 01","og_title":null,"og_description":null,"og_image":null,"like_amount":null,"parent_id":null,"resource":"http://dev.readr.tw/post/1","status":1,"active":1,"updated_at":"2018-01-02T03:04:05Z","created_at":"2019-08-11T17:44:45Z","ip":null,"author_nickname":"test_member_01","author_image":null,"author_role":1,"comment_amount":3}]}