{"_items":[{"ResourceID":1,"Count":1,"Followers":[1]},{"ResourceID":2,"Count":2,"Followers":[1,2]}]}