{"_items":[{"ResourceID":1,"Count":1,"Followers":[2]},{"ResourceID":2,"Count":1,"Followers":[1]}]}