{"_items":[{"ResourceID":2,"Count":2,"Followers":[1,2]}]}