{"_items":[{"id":1,"author":1,"created_at":null,"like_amount":null,"comment_amount":null,"title":"DeleteTags","subtitle":null,"content":"Test post content 01","type":0,"link":"http://test.link.com","og_title":null,"og_description":null,"og_image":null,"active":1,"updated_at":"2019-08-11T15:58:26Z","published_at":null,"link_title":null,"link_description":null,"link_image":null,"link_name":null,"video_id":null,"video_views":null,"publish_status":2,"project_id":100002,"post_order":null,"hero_image":null,"slug":null,"css":null,"javascript":null,"tags":null}]}