{"_items":[{"followed_at":"2020-01-16T19:28:14Z","item":{"id":2,"author":1,"created_at":null,"like_amount":null,"comment_amount":null,"title":"Test report 01","subtitle":null,"content":"\u003cp\u003eTest report content 01\u003c/p\u003e","type":4,"link":"http://dev.readr.tw/project/report_slug_1","og_title":null,"og_description":null,"og_image":null,"active":1,"updated_at":"2018-01-03T03:04:05Z","published_at":null,"link_title":null,"link_description":null,"link_image":null,"link_name":null,"video_id":null,"video_views":null,"publish_status":2,"project_id":1,"post_order":null,"hero_image":null,"slug":"report_slug_1","css":null,"javascript":null,"updated_by":{"id":0,"uuid":null,"nickname":null,"profile_image":null,"description":null,"role":null},"authors":[{"id":1,"uuid":"uuid1","nickname":"test_member_01","profile_image":null,"description":null,"role":1,"author_type":0,"resource_id":2}]},"resource":"post"}]}