{"_items":[{"ResourceID":1,"Count":1,"Followers":[2]}]}