{"_items":[{"id":1,"author":1,"created_at":null,"like_amount":null,"comment_amount":null,"title":"Test post 01","subtitle":null,"content":"Test post content 01","type":0,"link":"http://test.link.com","og_title":null,"og_description":null,"og_image":null,"active":1,"updated_at":null,"published_at":null,"link_title":null,"link_description":null,"link_image":null,"link_name":null,"video_id":null,"video_views":null,"publish_status":2,"project_id":null,"post_order":null,"hero_image":null,"slug":null,"css":null,"javascript":null,"tags":null,"authors":[{"id":1,"uuid":"uuid1","nickname":"test_member_01","profile_image":null,"description":null,"role":1,"author_type":0,"resource_id":1}]}]}