{"_items":[{"id":3,"author":2,"created_at":null,"like_amount":null,"comment_amount":null,"title":"Test post 03","subtitle":null,"content":"Test post content 03","type":2,"link":"http://test.link3.com","og_title":null,"og_description":null,"og_image":null,"active":1,"updated_at":"2017-12-19T23:11:37Z","published_at":null,"link_title":null,"link_description":null,"link_image":null,"link_name":null,"video_id":null,"video_views":null,"publish_status":3,"project_id":null,"post_order":null,"hero_image":null,"slug":null,"css":null,"javascript":null,"updated_by":{"id":0,"uuid":null,"nickname":null,"profile_image":null,"description":null,"role":null},"tags":null,"authors":[{"id":2,"uuid":"uuid2","nickname":"test_member_02","profile_image":null,"description":null,"role":1,"author_type":0,"resource_id":3}]},{"id":2,"author":1,"created_at":null,"like_amount":null,"comment_amount":null,"title":"Test post 02","subtitle":null,"content":"Test post content 02","type":0,"link":"http://test.link2.com","og_title":null,"og_description":null,"og_image":null,"active":1,"updated_at":"2017-12-18T23:11:37Z","published_at":null,"link_title":null,"link_description":null,"link_image":null,"link_name":null,"video_id":null,"video_views":null,"publish_status":2,"project_id":null,"post_order":null,"hero_image":null,"slug":null,"css":null,"javascript":null,"updated_by":{"id":0,"uuid":null,"nickname":null,"profile_image":null,"description":null,"role":null},"tags":null,"authors":[{"id":1,"uuid":"uuid1","nickname":"test_member_01","profile_image":null,"description":null,"role":1,"author_type":0,"resource_id":2}]},{"id":1,"author":1,"created_at":null,"like_amount":null,"comment_amount":null,"title":"Test post 01","subtitle":null,"content":"Test post content 01","type":1,"link":"http://test.link1.com","og_title":null,"og_description":null,"og_image":null,"active":1,"updated_at":"2017-12-17T23:11:37Z","published_at":null,"link_title":null,"link_description":null,"link_image":null,"link_name":null,"video_id":null,"video_views":null,"publish_status":2,"project_id":null,"post_order":null,"hero_image":null,"slug":null,"css":null,"javascript":null,"updated_by":{"id":0,"uuid":null,"nickname":null,"profile_image":null,"description":null,"role":null},"tags":null,"authors":[{"id":1,"uuid":"uuid1","nickname":"test_member_01","profile_image":null,"description":null,"role":1,"author_type":0,"resource_id":1}]}]}