{"_items":[{"id":3,"author":2,"created_at":null,"like_amount":null,"comment_amount":null,"title":"Test post 03","subtitle":null,"content":"Test post content 03","type":2,"link":"http://test.link3.com","og_title":null,"og_description":null,"og_image":null,"active":1,"updated_at":"2017-12-19T23:11:37Z","published_at":null,"link_title":null,"link_description":null,"link_image":null,"link_name":null,"video_id":null,"video_views":null,"publish_status":3,"project_id":null,"post_order":null,"hero_image":null,"slug":null,"css":null,"javascript":null,"tags":null},{"id":1,"author":1,"created_at":null,"like_amount":null,"comment_amount":null,"title":"Test post 01","subtitle":null,"content":"Test post content 01","type":1,"link":"http://test.link1.com","og_title":null,"og_description":null,"og_image":null,"active":1,"updated_at":"2017-12-17T23:11:37Z","published_at":null,"link_title":null,"link_description":null,"link_image":null,"link_name":null,"video_id":null,"video_views":null,"publish_status":2,"project_id":null,"post_order":null,"hero_image":null,"slug":null,"css":null,"javascript":null,"tags":null}]}