{"_items":[{"id":8,"author":91,"body":"ok","og_title":null,"og_description":null,"og_image":null,"like_amount":null,"parent_id":null,"resource":"http://dev.readr.tw/post/1","status":1,"active":1,"updated_at":null,"created_at":"2019-08-11T17:44:45Z","ip":null,"author_nickname":null,"author_image":null,"author_role":null,"comment_amount":0}]}