{"_items":[{"ResourceID":2,"Count":1,"Followers":[1]}]}